******************************************************************************
                  TI ARM Linker PC v20.2.4                     
******************************************************************************
>> Linked Wed Nov 10 12:39:24 2021

OUTPUT FILE NAME:   <Lab_10.out>
ENTRY POINT SYMBOL: "_c_int00_noargs"  address: 0000553d


MEMORY CONFIGURATION

         name            origin    length      used     unused   attr    fill
----------------------  --------  ---------  --------  --------  ----  --------
  FLASH                 00000000   00040000  0000591b  0003a6e5  R  X
  SRAM                  20000000   00008000  00000f39  000070c7  RW X


SEGMENT ALLOCATION MAP

run origin  load origin   length   init length attrs members
----------  ----------- ---------- ----------- ----- -------
00000000    00000000    00005920   00005920    r-x
  00000000    00000000    0000026c   0000026c    r-- .intvecs
  0000026c    0000026c    00005514   00005514    r-x .text
  00005780    00005780    0000014b   0000014b    r-- .const
  000058d0    000058d0    00000050   00000050    r-- .cinit
20000000    20000000    00000f3d   00000000    rw-
  20000000    20000000    0000026c   00000000    rw- .vtable
  20000270    20000270    00000800   00000000    rw- .stack
  20000a70    20000a70    00000400   00000000    rw- .sysmem
  20000e70    20000e70    00000094   00000000    rw- .bss
  20000f04    20000f04    00000039   00000000    rw- .data


SECTION ALLOCATION MAP

 output                                  attributes/
section   page    origin      length       input sections
--------  ----  ----------  ----------   ----------------
.intvecs   0    00000000    0000026c     
                  00000000    0000026c     tm4c123gh6pm_startup_ccs.obj (.intvecs)

.text      0    0000026c    00005514     
                  0000026c    00000c20     open_interface.obj (.text)
                  00000e8c    00000a4e     rtsv7M4_T_le_v4SPD16_eabi.lib : _printfi.c.obj (.text:__TI_printfi)
                  000018da    00000002                                   : _lock.c.obj (.text:_nop)
                  000018dc    000009c0                                   : e_pow.c.obj (.text:pow)
                  0000229c    000007bc     main.obj (.text)
                  00002a58    00000328     lcd.obj (.text)
                  00002d80    00000270     rtsv7M4_T_le_v4SPD16_eabi.lib : _printfi.c.obj (.text:_pconv_a)
                  00002ff0    00000248     Timer.obj (.text)
                  00003238    00000220     movement.obj (.text)
                  00003458    0000020c     ping.obj (.text)
                  00003664    000001ec     libcybotScan.lib : cyBot_Scan.obj (.text)
                  00003850    000001ec                      : ping.obj (.text)
                  00003a3c    000001d0     rtsv7M4_T_le_v4SPD16_eabi.lib : _printfi.c.obj (.text:_pconv_g)
                  00003c0c    000001b6                                   : fd_add_t2.asm.obj (.text)
                  00003dc2    00000002                                   : div0.asm.obj (.text)
                  00003dc4    00000188     uart.obj (.text)
                  00003f4c    00000158     libcybotScan.lib : servo.obj (.text)
                  000040a4    00000158     rtsv7M4_T_le_v4SPD16_eabi.lib : e_sqrt.c.obj (.text:sqrt)
                  000041fc    0000013c                                   : _printfi.c.obj (.text:_pconv_e)
                  00004338    00000136                                   : fd_div_t2.asm.obj (.text)
                  0000446e    00000002     --HOLE-- [fill = 0]
                  00004470    00000124                                   : _printfi.c.obj (.text:fcvt)
                  00004594    0000011c     servo.obj (.text)
                  000046b0    00000118     libcybotScan.lib : ir.obj (.text)
                  000047c8    00000110     rtsv7M4_T_le_v4SPD16_eabi.lib : s_scalbn.c.obj (.text:scalbn)
                  000048d8    00000100                                   : memory.c.obj (.text:aligned_alloc)
                  000049d8    000000fc                                   : fd_mul_t2.asm.obj (.text)
                  00004ad4    000000e4                                   : memory.c.obj (.text:free)
                  00004bb8    000000c8     adc.obj (.text)
                  00004c80    000000b1     rtsv7M4_T_le_v4SPD16_eabi.lib : _printfi.c.obj (.text:_ltostr)
                  00004d31    00000001     --HOLE-- [fill = 0]
                  00004d32    0000009c                                   : memcpy_t2.asm.obj (.text)
                  00004dce    00000096                                   : ull_div_t2.asm.obj (.text)
                  00004e64    00000086                                   : fd_cmp_t2.asm.obj (.text:__aeabi_cdcmple)
                  00004eea    00000086                                   : fd_cmp_t2.asm.obj (.text:__aeabi_cdrcmple)
                  00004f70    0000007a                                   : memset_t2.asm.obj (.text)
                  00004fea    00000002     --HOLE-- [fill = 0]
                  00004fec    00000070                                   : memory.c.obj (.text:split)
                  0000505c    0000006e                                   : _printfi.c.obj (.text:_mcpy)
                  000050ca    0000006e                                   : fd_tos_t2.asm.obj (.text)
                  00005138    00000068                                   : copy_decompress_lzss.c.obj (.text:decompress:lzss:__TI_decompress_lzss)
                  000051a0    00000064                                   : s_frexp.c.obj (.text:frexp)
                  00005204    00000056                                   : _printfi.c.obj (.text:_pconv_f)
                  0000525a    00000054                                   : _ltoa.c.obj (.text:__TI_ltoa)
                  000052ae    00000052                                   : _printfi.c.obj (.text:_ecpy)
                  00005300    0000004c                                   : atoi.c.obj (.text:atoi)
                  0000534c    00000048                                   : fd_toi_t2.asm.obj (.text)
                  00005394    00000044                                   : autoinit.c.obj (.text:__TI_auto_init_nobinit_nopinit:__TI_auto_init_nobinit_nopinit)
                  000053d8    00000040                                   : sprintf.c.obj (.text:sprintf)
                  00005418    00000040                                   : vsnprintf.c.obj (.text:vsnprintf)
                  00005458    0000003e                                   : _printfi.c.obj (.text:_fcpy)
                  00005496    00000002     --HOLE-- [fill = 0]
                  00005498    00000038                                   : memory.c.obj (.text:calloc)
                  000054d0    00000038                                   : fs_tod_t2.asm.obj (.text)
                  00005508    00000034     driverlib.lib : interrupt.obj (.text:IntRegister)
                  0000553c    00000034     rtsv7M4_T_le_v4SPD16_eabi.lib : boot_cortex_m.c.obj (.text:_c_int00_noargs:_c_int00_noargs)
                  00005570    00000030                                   : vsnprintf.c.obj (.text:_outs)
                  000055a0    0000002e                                   : i_tofd_t2.asm.obj (.text)
                  000055ce    00000002     --HOLE-- [fill = 0]
                  000055d0    00000028                                   : memory.c.obj (.text:free_list_insert)
                  000055f8    0000001c                                   : copy_zero_init.c.obj (.text:decompress:ZI:__TI_zero_init_nomemset:__TI_zero_init_nomemset)
                  00005614    0000001c                                   : memory.c.obj (.text:free_list_remove)
                  00005630    0000001c                                   : memccpy.c.obj (.text:memccpy)
                  0000564c    0000001a                                   : s_copysign.c.obj (.text:copysign)
                  00005666    00000018                                   : vsnprintf.c.obj (.text:_outc)
                  0000567e    00000018                                   : sprintf.c.obj (.text:_outs)
                  00005696    00000018     open_interface.obj (.text:oi_parseInt)
                  000056ae    00000018     rtsv7M4_T_le_v4SPD16_eabi.lib : strcmp.c.obj (.text:strcmp)
                  000056c6    00000016                                   : strchr.c.obj (.text:strchr)
                  000056dc    00000014                                   : strcpy.c.obj (.text:strcpy)
                  000056f0    00000014                                   : strlen.c.obj (.text:strlen)
                  00005704    00000012                                   : wcslen.c.obj (.text:wcslen)
                  00005716    00000010     driverlib.lib : interrupt.obj (.text:IntMasterEnable)
                  00005726    00000010     lcd.obj (.text:lcd_clear)
                  00005736    0000000e     rtsv7M4_T_le_v4SPD16_eabi.lib : copy_decompress_none.c.obj (.text:decompress:none:__TI_decompress_none)
                  00005744    0000000c     driverlib.lib : cpu.obj (.text:CPUcpsie)
                  00005750    0000000c     tm4c123gh6pm_startup_ccs.obj (.text)
                  0000575c    0000000a     rtsv7M4_T_le_v4SPD16_eabi.lib : sprintf.c.obj (.text:_outc)
                  00005766    00000002     --HOLE-- [fill = 0]
                  00005768    00000008                                   : errno.c.obj (.text:__aeabi_errno_addr)
                  00005770    00000008                                   : memory.c.obj (.text:malloc)
                  00005778    00000004                                   : pre_init.c.obj (.text:_system_pre_init)
                  0000577c    00000004                                   : exit.c.obj (.text:abort:abort)

.const     0    00005780    0000014b     
                  00005780    00000101     rtsv7M4_T_le_v4SPD16_eabi.lib : ctype.c.obj (.const:.string:_ctypes_)
                  00005881    00000004     lcd.obj (.const:.string:lineAddress$1)
                  00005885    00000003     --HOLE-- [fill = 0]
                  00005888    00000030     rtsv7M4_T_le_v4SPD16_eabi.lib : e_pow.c.obj (.const:$O1$$)
                  000058b8    0000000f     open_interface.obj (.const:.string:$P$T0$3)
                  000058c7    00000004     lcd.obj (.const:.string:lineAddresses$2)

.cinit     0    000058d0    00000050     
                  000058d0    00000018     (.cinit..data.load) [load image, compression = lzss]
                  000058e8    0000000c     (__TI_handler_table)
                  000058f4    00000004     --HOLE-- [fill = 0]
                  000058f8    00000008     (.cinit..bss.load) [load image, compression = zero_init]
                  00005900    00000008     (.cinit..vtable.load) [load image, compression = zero_init]
                  00005908    00000018     (__TI_cinit_table)

.init_array 
*          0    00000000    00000000     UNINITIALIZED

.vtable    0    20000000    0000026c     UNINITIALIZED
                  20000000    0000026c     driverlib.lib : interrupt.obj (.vtable)

.stack     0    20000270    00000800     UNINITIALIZED
                  20000270    00000004     rtsv7M4_T_le_v4SPD16_eabi.lib : boot_cortex_m.c.obj (.stack)
                  20000274    000007fc     --HOLE--

.sysmem    0    20000a70    00000400     UNINITIALIZED
                  20000a70    00000010     rtsv7M4_T_le_v4SPD16_eabi.lib : memory.c.obj (.sysmem)
                  20000a80    000003f0     --HOLE--

.bss       0    20000e70    00000094     UNINITIALIZED
                  20000e70    00000054     lcd.obj (.bss:lastbuffer$3)
                  20000ec4    00000018     open_interface.obj (.bss:firmware$2)
                  20000edc    00000004     (.common:_timeout_ticks)
                  20000ee0    00000004     (.common:fallingEdge)
                  20000ee4    00000004     (.common:falling_time)
                  20000ee8    00000004     (.common:isr_int_value)
                  20000eec    00000004     (.common:left_calibration_value)
                  20000ef0    00000004     (.common:pulseLength)
                  20000ef4    00000004     (.common:right_calibration_value)
                  20000ef8    00000004     (.common:risingEdge)
                  20000efc    00000004     (.common:rising_time)
                  20000f00    00000001     (.common:flag)
                  20000f01    00000001     (.common:isRisingEdge)
                  20000f02    00000001     (.common:state)
                  20000f03    00000001     (.common:uart_data)

.data      0    20000f04    00000039     UNINITIALIZED
                  20000f04    00000020     open_interface.obj (.data)
                  20000f24    00000008     rtsv7M4_T_le_v4SPD16_eabi.lib : _lock.c.obj (.data:$O1$$)
                  20000f2c    00000008                                   : memory.c.obj (.data:$O1$$)
                  20000f34    00000004     ping.obj (.data)
                  20000f38    00000004     rtsv7M4_T_le_v4SPD16_eabi.lib : errno.c.obj (.data)
                  20000f3c    00000001     Timer.obj (.data)

__llvm_prf_cnts 
*          0    20000000    00000000     UNINITIALIZED

MODULE SUMMARY

       Module                         code    ro data   rw data
       ------                         ----    -------   -------
    .\
       open_interface.obj             3128    15        56     
       main.obj                       1980    0         10     
       lcd.obj                        824     8         84     
       tm4c123gh6pm_startup_ccs.obj   12      620       0      
       Timer.obj                      584     0         5      
       movement.obj                   544     0         0      
       ping.obj                       524     0         13     
       uart.obj                       392     0         0      
       servo.obj                      284     0         0      
       adc.obj                        200     0         0      
    +--+------------------------------+-------+---------+---------+
       Total:                         8472    643       168    
                                                               
    ../libcybotScan.lib
       ping.obj                       492     0         13     
       cyBot_Scan.obj                 492     0         0      
       servo.obj                      344     0         0      
       ir.obj                         280     0         4      
    +--+------------------------------+-------+---------+---------+
       Total:                         1608    0         17     
                                                               
    C:/ti/TivaWare_C_Series-2.1.4.178/driverlib/ccs/Debug/driverlib.lib
       interrupt.obj                  68      0         620    
       cpu.obj                        12      0         0      
    +--+------------------------------+-------+---------+---------+
       Total:                         80      0         620    
                                                               
    C:\ti\ccs1031\ccs\tools\compiler\ti-cgt-arm_20.2.4.LTS\lib\rtsv7M4_T_le_v4SPD16_eabi.lib
       _printfi.c.obj                 4851    0         0      
       e_pow.c.obj                    2496    48        0      
       memory.c.obj                   728     0         8      
       fd_add_t2.asm.obj              438     0         0      
       e_sqrt.c.obj                   344     0         0      
       fd_div_t2.asm.obj              310     0         0      
       s_scalbn.c.obj                 272     0         0      
       fd_cmp_t2.asm.obj              268     0         0      
       ctype.c.obj                    0       257       0      
       fd_mul_t2.asm.obj              252     0         0      
       memcpy_t2.asm.obj              156     0         0      
       ull_div_t2.asm.obj             150     0         0      
       vsnprintf.c.obj                136     0         0      
       memset_t2.asm.obj              122     0         0      
       fd_tos_t2.asm.obj              110     0         0      
       copy_decompress_lzss.c.obj     104     0         0      
       s_frexp.c.obj                  100     0         0      
       sprintf.c.obj                  98      0         0      
       _ltoa.c.obj                    84      0         0      
       atoi.c.obj                     76      0         0      
       fd_toi_t2.asm.obj              72      0         0      
       autoinit.c.obj                 68      0         0      
       fs_tod_t2.asm.obj              56      0         0      
       boot_cortex_m.c.obj            52      0         0      
       i_tofd_t2.asm.obj              46      0         0      
       copy_zero_init.c.obj           28      0         0      
       memccpy.c.obj                  28      0         0      
       s_copysign.c.obj               26      0         0      
       strcmp.c.obj                   24      0         0      
       strchr.c.obj                   22      0         0      
       strcpy.c.obj                   20      0         0      
       strlen.c.obj                   20      0         0      
       wcslen.c.obj                   18      0         0      
       copy_decompress_none.c.obj     14      0         0      
       errno.c.obj                    8       0         4      
       _lock.c.obj                    2       0         8      
       exit.c.obj                     4       0         0      
       pre_init.c.obj                 4       0         0      
       div0.asm.obj                   2       0         0      
    +--+------------------------------+-------+---------+---------+
       Total:                         11609   305       20     
                                                               
       Heap:                          0       0         1024   
       Stack:                         0       0         2048   
       Linker Generated:              0       76        0      
    +--+------------------------------+-------+---------+---------+
       Grand Total:                   21769   1024      3897   


LINKER GENERATED COPY TABLES

__TI_cinit_table @ 00005908 records: 3, size/record: 8, table size: 24
	.data: load addr=000058d0, load size=00000018 bytes, run addr=20000f04, run size=00000039 bytes, compression=lzss
	.bss: load addr=000058f8, load size=00000008 bytes, run addr=20000e70, run size=00000094 bytes, compression=zero_init
	.vtable: load addr=00005900, load size=00000008 bytes, run addr=20000000, run size=0000026c bytes, compression=zero_init


LINKER GENERATED HANDLER TABLE

__TI_handler_table @ 000058e8 records: 3, size/record: 4, table size: 12
	index: 0, handler: __TI_zero_init
	index: 1, handler: __TI_decompress_lzss
	index: 2, handler: __TI_decompress_none


GLOBAL SYMBOLS: SORTED ALPHABETICALLY BY Name 

address   name                          
-------   ----                          
00004749  ADC0SS0_Handler               
0000577d  C$$EXIT                       
00005745  CPUcpsie                      
00000bc3  GPIOF_Handler                 
00005717  IntMasterEnable               
00005509  IntRegister                   
00005751  ResetISR                      
000035d3  TIMER3B_Handle                
00003941  TIMER3B_Handler               
20000a70  __STACK_END                   
00000800  __STACK_SIZE                  
20000470  __STACK_TOP                   
00000400  __SYSMEM_SIZE                 
00005908  __TI_CINIT_Base               
00005920  __TI_CINIT_Limit              
000058e8  __TI_Handler_Table_Base       
000058f4  __TI_Handler_Table_Limit      
00005395  __TI_auto_init_nobinit_nopinit
00005139  __TI_decompress_lzss          
00005737  __TI_decompress_none          
0000525b  __TI_ltoa                     
ffffffff  __TI_pprof_out_hndl           
00000e8d  __TI_printfi                  
ffffffff  __TI_prof_data_size           
ffffffff  __TI_prof_data_start          
00000000  __TI_static_base__            
000055f9  __TI_zero_init_nomemset       
00004e65  __aeabi_cdcmpeq               
00004e65  __aeabi_cdcmple               
00004eeb  __aeabi_cdrcmple              
000050cb  __aeabi_d2f                   
0000534d  __aeabi_d2iz                  
00003c17  __aeabi_dadd                  
00004339  __aeabi_ddiv                  
000049d9  __aeabi_dmul                  
00003c0d  __aeabi_dsub                  
00005769  __aeabi_errno_addr            
000054d1  __aeabi_f2d                   
000055a1  __aeabi_i2d                   
00003dc3  __aeabi_idiv0                 
00003dc3  __aeabi_ldiv0                 
00004f71  __aeabi_memclr                
00004f71  __aeabi_memclr4               
00004f71  __aeabi_memclr8               
00004d33  __aeabi_memcpy                
00004d33  __aeabi_memcpy4               
00004d33  __aeabi_memcpy8               
00004f73  __aeabi_memset                
00004f73  __aeabi_memset4               
00004f73  __aeabi_memset8               
00004dcf  __aeabi_uldivmod              
ffffffff  __binit__                     
ffffffff  __c_args__                    
UNDEFED   __mpu_init                    
20000270  __stack                       
20000000  __start___llvm_prf_cnts       
20000000  __stop___llvm_prf_cnts        
0000553d  _c_int00_noargs               
00005780  _ctypes_                      
20000f24  _lock                         
000018db  _nop                          
20000f3c  _running                      
20000a70  _sys_memory                   
UNDEFED   _system_post_cinit            
00005779  _system_pre_init              
20000edc  _timeout_ticks                
20000f28  _unlock                       
0000577d  abort                         
00004bb9  adc_init                      
00004c31  adc_read                      
000048d9  aligned_alloc                 
00005301  atoi                          
ffffffff  binit                         
00005499  calloc                        
0000564d  copysign                      
0000564d  copysignl                     
000036e5  cyBOT_SERVO_cal               
0000369d  cyBOT_Scan                    
00003665  cyBOT_init_Scan               
20000f38  errno                         
20000ee0  fallingEdge                   
20000ee4  falling_time                  
20000f00  flag                          
00004ad5  free                          
000051a1  frexp                         
000051a1  frexpl                        
20000000  g_pfnRAMVectors               
00000000  g_pfnVectors                  
0000097f  go_charge                     
0000475f  ir_enableInterrupt            
00004741  ir_getDistance                
00004719  ir_getValue                   
000046b1  ir_init                       
20000f01  isRisingEdge                  
20000ee8  isr_int_value                 
00005727  lcd_clear                     
00002c2d  lcd_gotoLine                  
00002a95  lcd_init                      
00002c93  lcd_printf                    
00002b55  lcd_putc                      
00002b8d  lcd_puts                      
00002a59  lcd_reverseNibble             
00002bab  lcd_sendCommand               
00002be9  lcd_sendNibble                
00002c55  lcd_setCursorPos              
000047c9  ldexp                         
000047c9  ldexpl                        
20000eec  left_calibration_value        
0000229d  main                          
00005771  malloc                        
000048d9  memalign                      
00005631  memccpy                       
00004d33  memcpy                        
00004f79  memset                        
20000f04  motor_cal_factor_L            
20000f08  motor_cal_factor_R            
000032c1  move_backward                 
00003239  move_forward                  
0000026d  oi_alloc                      
00000aa9  oi_checkFirmware              
000002c7  oi_close                      
00000279  oi_free                       
00000ded  oi_getMotorCalibrationLeft    
00000e01  oi_getMotorCalibrationRight   
000002b1  oi_init                       
00000289  oi_init_noupdate              
00000915  oi_loadSong                   
00005697  oi_parseInt                   
0000032b  oi_parsePacket                
0000096b  oi_play_song                  
0000084b  oi_setLeds                    
00000db1  oi_setMotorCalibration        
0000088f  oi_setWheels                  
00000b51  oi_shutoff_init               
0000098d  oi_uartInit                   
00000a31  oi_uartReceive                
00000a77  oi_uartSendBuff               
00000a15  oi_uartSendChar               
00000a59  oi_uartSendStr                
000002d9  oi_update                     
20000f34  overflow                      
00003993  ping_getDistance              
00003851  ping_init                     
00003459  ping_initialize               
000034f7  ping_read                     
000038d7  ping_trigger                  
000018dd  pow                           
000018dd  powl                          
20000ef0  pulseLength                   
20000ef4  right_calibration_value       
20000ef8  risingEdge                    
20000efc  rising_time                   
000047c9  scalbn                        
000047c9  scalbnl                       
000026c1  scan                          
0000268f  sendString                    
0000354b  send_pulse                    
000033df  sensor                        
00003f4d  servo_init                    
00004595  servo_initialize              
00003fdd  servo_move                    
00004617  servo_movement                
0000403d  servo_setPWM                  
00003fd1  servo_stop                    
000053d9  sprintf                       
000040a5  sqrt                          
000040a5  sqrtl                         
20000f02  state                         
000056c7  strchr                        
000056af  strcmp                        
000056dd  strcpy                        
000056f1  strlen                        
0000310f  timer_getMicros               
000030b7  timer_getMillis               
00002ff1  timer_init                    
00003093  timer_pause                   
000030a5  timer_resume                  
00003069  timer_stop                    
00003169  timer_waitMicros              
0000319b  timer_waitMillis              
0000331d  turn_clockwise                
00003377  turn_counterclockwise         
20000f03  uart_data                     
00003dc5  uart_init                     
00003ecb  uart_interrupt_handler        
00003eab  uart_interrupt_init           
00003e7b  uart_receive                  
00003e5f  uart_sendChar                 
00003ea1  uart_sendStr                  
00005419  vsnprintf                     
00005705  wcslen                        


GLOBAL SYMBOLS: SORTED BY Symbol Address 

address   name                          
-------   ----                          
00000000  __TI_static_base__            
00000000  g_pfnVectors                  
0000026d  oi_alloc                      
00000279  oi_free                       
00000289  oi_init_noupdate              
000002b1  oi_init                       
000002c7  oi_close                      
000002d9  oi_update                     
0000032b  oi_parsePacket                
00000400  __SYSMEM_SIZE                 
00000800  __STACK_SIZE                  
0000084b  oi_setLeds                    
0000088f  oi_setWheels                  
00000915  oi_loadSong                   
0000096b  oi_play_song                  
0000097f  go_charge                     
0000098d  oi_uartInit                   
00000a15  oi_uartSendChar               
00000a31  oi_uartReceive                
00000a59  oi_uartSendStr                
00000a77  oi_uartSendBuff               
00000aa9  oi_checkFirmware              
00000b51  oi_shutoff_init               
00000bc3  GPIOF_Handler                 
00000db1  oi_setMotorCalibration        
00000ded  oi_getMotorCalibrationLeft    
00000e01  oi_getMotorCalibrationRight   
00000e8d  __TI_printfi                  
000018db  _nop                          
000018dd  pow                           
000018dd  powl                          
0000229d  main                          
0000268f  sendString                    
000026c1  scan                          
00002a59  lcd_reverseNibble             
00002a95  lcd_init                      
00002b55  lcd_putc                      
00002b8d  lcd_puts                      
00002bab  lcd_sendCommand               
00002be9  lcd_sendNibble                
00002c2d  lcd_gotoLine                  
00002c55  lcd_setCursorPos              
00002c93  lcd_printf                    
00002ff1  timer_init                    
00003069  timer_stop                    
00003093  timer_pause                   
000030a5  timer_resume                  
000030b7  timer_getMillis               
0000310f  timer_getMicros               
00003169  timer_waitMicros              
0000319b  timer_waitMillis              
00003239  move_forward                  
000032c1  move_backward                 
0000331d  turn_clockwise                
00003377  turn_counterclockwise         
000033df  sensor                        
00003459  ping_initialize               
000034f7  ping_read                     
0000354b  send_pulse                    
000035d3  TIMER3B_Handle                
00003665  cyBOT_init_Scan               
0000369d  cyBOT_Scan                    
000036e5  cyBOT_SERVO_cal               
00003851  ping_init                     
000038d7  ping_trigger                  
00003941  TIMER3B_Handler               
00003993  ping_getDistance              
00003c0d  __aeabi_dsub                  
00003c17  __aeabi_dadd                  
00003dc3  __aeabi_idiv0                 
00003dc3  __aeabi_ldiv0                 
00003dc5  uart_init                     
00003e5f  uart_sendChar                 
00003e7b  uart_receive                  
00003ea1  uart_sendStr                  
00003eab  uart_interrupt_init           
00003ecb  uart_interrupt_handler        
00003f4d  servo_init                    
00003fd1  servo_stop                    
00003fdd  servo_move                    
0000403d  servo_setPWM                  
000040a5  sqrt                          
000040a5  sqrtl                         
00004339  __aeabi_ddiv                  
00004595  servo_initialize              
00004617  servo_movement                
000046b1  ir_init                       
00004719  ir_getValue                   
00004741  ir_getDistance                
00004749  ADC0SS0_Handler               
0000475f  ir_enableInterrupt            
000047c9  ldexp                         
000047c9  ldexpl                        
000047c9  scalbn                        
000047c9  scalbnl                       
000048d9  aligned_alloc                 
000048d9  memalign                      
000049d9  __aeabi_dmul                  
00004ad5  free                          
00004bb9  adc_init                      
00004c31  adc_read                      
00004d33  __aeabi_memcpy                
00004d33  __aeabi_memcpy4               
00004d33  __aeabi_memcpy8               
00004d33  memcpy                        
00004dcf  __aeabi_uldivmod              
00004e65  __aeabi_cdcmpeq               
00004e65  __aeabi_cdcmple               
00004eeb  __aeabi_cdrcmple              
00004f71  __aeabi_memclr                
00004f71  __aeabi_memclr4               
00004f71  __aeabi_memclr8               
00004f73  __aeabi_memset                
00004f73  __aeabi_memset4               
00004f73  __aeabi_memset8               
00004f79  memset                        
000050cb  __aeabi_d2f                   
00005139  __TI_decompress_lzss          
000051a1  frexp                         
000051a1  frexpl                        
0000525b  __TI_ltoa                     
00005301  atoi                          
0000534d  __aeabi_d2iz                  
00005395  __TI_auto_init_nobinit_nopinit
000053d9  sprintf                       
00005419  vsnprintf                     
00005499  calloc                        
000054d1  __aeabi_f2d                   
00005509  IntRegister                   
0000553d  _c_int00_noargs               
000055a1  __aeabi_i2d                   
000055f9  __TI_zero_init_nomemset       
00005631  memccpy                       
0000564d  copysign                      
0000564d  copysignl                     
00005697  oi_parseInt                   
000056af  strcmp                        
000056c7  strchr                        
000056dd  strcpy                        
000056f1  strlen                        
00005705  wcslen                        
00005717  IntMasterEnable               
00005727  lcd_clear                     
00005737  __TI_decompress_none          
00005745  CPUcpsie                      
00005751  ResetISR                      
00005769  __aeabi_errno_addr            
00005771  malloc                        
00005779  _system_pre_init              
0000577d  C$$EXIT                       
0000577d  abort                         
00005780  _ctypes_                      
000058e8  __TI_Handler_Table_Base       
000058f4  __TI_Handler_Table_Limit      
00005908  __TI_CINIT_Base               
00005920  __TI_CINIT_Limit              
20000000  __start___llvm_prf_cnts       
20000000  __stop___llvm_prf_cnts        
20000000  g_pfnRAMVectors               
20000270  __stack                       
20000470  __STACK_TOP                   
20000a70  __STACK_END                   
20000a70  _sys_memory                   
20000edc  _timeout_ticks                
20000ee0  fallingEdge                   
20000ee4  falling_time                  
20000ee8  isr_int_value                 
20000eec  left_calibration_value        
20000ef0  pulseLength                   
20000ef4  right_calibration_value       
20000ef8  risingEdge                    
20000efc  rising_time                   
20000f00  flag                          
20000f01  isRisingEdge                  
20000f02  state                         
20000f03  uart_data                     
20000f04  motor_cal_factor_L            
20000f08  motor_cal_factor_R            
20000f24  _lock                         
20000f28  _unlock                       
20000f34  overflow                      
20000f38  errno                         
20000f3c  _running                      
ffffffff  __TI_pprof_out_hndl           
ffffffff  __TI_prof_data_size           
ffffffff  __TI_prof_data_start          
ffffffff  __binit__                     
ffffffff  __c_args__                    
ffffffff  binit                         
UNDEFED   __mpu_init                    
UNDEFED   _system_post_cinit            

[191 symbols]
